{
    "sarscov2 - [vcf, tbi, annotation, annotation_tbi], [], [], [] - vcf_gz_index - stub": {
        "content": [
            [
                [
                    {
                        "id": "test",
                        "single_end": false
                    },
                    "test_ann.vcf.gz"
                ]
            ],
            [
                [
                    {
                        "id": "test",
                        "single_end": false
                    },
                    "test_ann.vcf.gz.csi"
                ]
            ],
            [
                [
                    {
                        "id": "test",
                        "single_end": false
                    },
                    "test_ann.vcf.gz.csi"
                ]
            ],
            {
                "versions_bcftools": [
                    [
                        "BCFTOOLS_ANNOTATE",
                        "bcftools",
                        "1.24"
                    ]
                ]
            }
        ],
        "timestamp": "2026-10-01T14:40:06.115433412",
        "meta": {
            "nf-test": "0.9.4",
            "nextflow": "26.04.3"
        }
    },
    "sarscov2 - [vcf, tbi, annotation, annotation_tbi], [], [], [] - vcf_gz_index_tbi": {
        "content": [
            [
                [
                    {
                        "id": "test",
                        "single_end": false
                    },
                    "test_ann.vcf.gz:variantsMD5,bc7bf3ee9e8430e064c539eb81e59bf9"
                ]
            ],
            [
                [
                    {
                        "id": "test",
                        "single_end": false
                    },
                    "test_ann.vcf.gz.tbi"
                ]
            ],
            {
                "versions_bcftools": [
                    [
                        "BCFTOOLS_ANNOTATE",
                        "bcftools",
                        "1.24"
                    ]
                ]
            }
        ],
        "timestamp": "2026-10-01T14:39:49.244970585",
        "meta": {
            "nf-test": "0.9.4",
            "nextflow": "26.04.3"
        }
    },
    "sarscov2 - [vcf, tbi, annotation, annotation_tbi], [], [], [] - vcf_gz_index_csi": {
        "content": [
            [
                [
                    {
                        "id": "test",
                        "single_end": false
                    },
                    "test_ann.vcf.gz:variantsMD5,bc7bf3ee9e8430e064c539eb81e59bf9"
                ]
            ],
            [
                [
                    {
                        "id": "test",
                        "single_end": false
                    },
                    "test_ann.vcf.gz.csi"
                ]
            ],
            {
                "versions_bcftools": [
                    [
                        "BCFTOOLS_ANNOTATE",
                        "bcftools",
                        "1.24"
                    ]
                ]
            }
        ],
        "timestamp": "2026-10-01T14:39:45.898318613",
        "meta": {
            "nf-test": "0.9.4",
            "nextflow": "26.04.3"
        }
    },
    "sarscov2 - [vcf, tbi, annotation, annotation_tbi], [], [], [] - vcf_gz_index_tbi - stub": {
        "content": [
            [
                [
                    {
                        "id": "test",
                        "single_end": false
                    },
                    "test_ann.vcf.gz"
                ]
            ],
            [
                [
                    {
                        "id": "test",
                        "single_end": false
                    },
                    "test_ann.vcf.gz.tbi"
                ]
            ],
            {
                "versions_bcftools": [
                    [
                        "BCFTOOLS_ANNOTATE",
                        "bcftools",
                        "1.24"
                    ]
                ]
            }
        ],
        "timestamp": "2026-10-01T14:40:12.461863492",
        "meta": {
            "nf-test": "0.9.4",
            "nextflow": "26.04.3"
        }
    },
    "sarscov2 - [vcf, tbi, annotation, annotation_tbi], [], [], [] - vcf_gz_index_csi - stub": {
        "content": [
            [
                [
                    {
                        "id": "test",
                        "single_end": false
                    },
                    "test_ann.vcf.gz"
                ]
            ],
            [
                [
                    {
                        "id": "test",
                        "single_end": false
                    },
                    "test_ann.vcf.gz.csi"
                ]
            ],
            [
                [
                    {
                        "id": "test",
                        "single_end": false
                    },
                    "test_ann.vcf.gz.csi"
                ]
            ],
            {
                "versions_bcftools": [
                    [
                        "BCFTOOLS_ANNOTATE",
                        "bcftools",
                        "1.24"
                    ]
                ]
            }
        ],
        "timestamp": "2026-10-01T14:40:09.299090106",
        "meta": {
            "nf-test": "0.9.4",
            "nextflow": "26.04.3"
        }
    },
    "sarscov2 - [vcf, tbi, annotation, annotation_tbi], [], [], [] - vcf_gz_index": {
        "content": [
            [
                [
                    {
                        "id": "test",
                        "single_end": false
                    },
                    "test_ann.vcf.gz:variantsMD5,bc7bf3ee9e8430e064c539eb81e59bf9"
                ]
            ],
            [
                [
                    {
                        "id": "test",
                        "single_end": false
                    },
                    "test_ann.vcf.gz.csi"
                ]
            ],
            {
                "versions_bcftools": [
                    [
                        "BCFTOOLS_ANNOTATE",
                        "bcftools",
                        "1.24"
                    ]
                ]
            }
        ],
        "timestamp": "2026-10-01T14:39:42.545833081",
        "meta": {
            "nf-test": "0.9.4",
            "nextflow": "26.04.3"
        }
    },
    "sarscov2 - [vcf, tbi, annotation, annotation_tbi], [], [], [] - stub": {
        "content": [
            [
                [
                    {
                        "id": "test",
                        "single_end": false
                    },
                    "test_ann.vcf.gz"
                ]
            ],
            [
                
            ],
            {
                "versions_bcftools": [
                    [
                        "BCFTOOLS_ANNOTATE",
                        "bcftools",
                        "1.24"
                    ]
                ]
            }
        ],
        "timestamp": "2026-10-01T14:40:02.825728798",
        "meta": {
            "nf-test": "0.9.4",
            "nextflow": "26.04.3"
        }
    },
    "sarscov2 - [vcf, [], annotation, annotation_tbi], [], header, [] - bcf_output": {
        "content": [
            [
                [
                    {
                        "id": "test",
                        "single_end": false
                    },
                    "test_ann.bcf"
                ]
            ],
            [
                
            ],
            {
                "versions_bcftools": [
                    [
                        "BCFTOOLS_ANNOTATE",
                        "bcftools",
                        "1.24"
                    ]
                ]
            }
        ],
        "timestamp": "2026-10-01T14:39:52.638620607",
        "meta": {
            "nf-test": "0.9.4",
            "nextflow": "26.04.3"
        }
    },
    "sarscov2 - [vcf, [], annotation, annotation_tbi], [], [], [] - vcf_output": {
        "content": [
            [
                [
                    {
                        "id": "test",
                        "single_end": false
                    },
                    "test_ann.vcf.gz:variantsMD5,250b64289ab9d48f76359d01699fdf7d"
                ]
            ],
            [
                
            ],
            {
                "versions_bcftools": [
                    [
                        "BCFTOOLS_ANNOTATE",
                        "bcftools",
                        "1.24"
                    ]
                ]
            }
        ],
        "timestamp": "2026-10-01T14:39:39.313622671",
        "meta": {
            "nf-test": "0.9.4",
            "nextflow": "26.04.3"
        }
    },
    "sarscov2 - [vcf, tbi, annotation, annotation_tbi], [], [], [] - vcf_output": {
        "content": [
            [
                [
                    {
                        "id": "test",
                        "single_end": false
                    },
                    "test_ann.vcf.gz:variantsMD5,250b64289ab9d48f76359d01699fdf7d"
                ]
            ],
            [
                
            ],
            {
                "versions_bcftools": [
                    [
                        "BCFTOOLS_ANNOTATE",
                        "bcftools",
                        "1.24"
                    ]
                ]
            }
        ],
        "timestamp": "2026-10-01T14:39:35.842754834",
        "meta": {
            "nf-test": "0.9.4",
            "nextflow": "26.04.3"
        }
    },
    "sarscov2 - [vcf, [], annotation, annotation_tbi], [], header, rename_chrs - vcf_gz_index": {
        "content": [
            [
                [
                    {
                        "id": "test",
                        "single_end": false
                    },
                    "test_ann.vcf.gz"
                ]
            ],
            [
                [
                    {
                        "id": "test",
                        "single_end": false
                    },
                    "test_ann.vcf.gz.csi"
                ]
            ],
            {
                "versions_bcftools": [
                    [
                        "BCFTOOLS_ANNOTATE",
                        "bcftools",
                        "1.24"
                    ]
                ]
            }
        ],
        "timestamp": "2026-10-01T14:39:59.429473491",
        "meta": {
            "nf-test": "0.9.4",
            "nextflow": "26.04.3"
        }
    },
    "sarscov2 - [vcf, [], annotation, annotation_tbi], columns, [], [] - bcf_output": {
        "content": [
            [
                [
                    {
                        "id": "test",
                        "single_end": false
                    },
                    "test_ann.bcf"
                ]
            ],
            [
                
            ],
            {
                "versions_bcftools": [
                    [
                        "BCFTOOLS_ANNOTATE",
                        "bcftools",
                        "1.24"
                    ]
                ]
            }
        ],
        "timestamp": "2026-10-01T14:39:56.007074817",
        "meta": {
            "nf-test": "0.9.4",
            "nextflow": "26.04.3"
        }
    }
}
