{
    "NanoPlot - stub": {
        "content": [
            {
                "0": [
                    [
                        {
                            "id": "test"
                        },
                        [
                            "test_LengthvsQualityScatterPlot_dot.html:md5,d41d8cd98f00b204e9800998ecf8427e",
                            "test_LengthvsQualityScatterPlot_kde.html:md5,d41d8cd98f00b204e9800998ecf8427e",
                            "test_NanoPlot-report.html:md5,d41d8cd98f00b204e9800998ecf8427e",
                            "test_Non_weightedHistogramReadlength.html:md5,d41d8cd98f00b204e9800998ecf8427e",
                            "test_Non_weightedLogTransformed_HistogramReadlength.html:md5,d41d8cd98f00b204e9800998ecf8427e",
                            "test_WeightedHistogramReadlength.html:md5,d41d8cd98f00b204e9800998ecf8427e",
                            "test_WeightedLogTransformed_HistogramReadlength.html:md5,d41d8cd98f00b204e9800998ecf8427e",
                            "test_Yield_By_Length.html:md5,d41d8cd98f00b204e9800998ecf8427e"
                        ]
                    ]
                ],
                "1": [
                    
                ],
                "2": [
                    [
                        {
                            "id": "test"
                        },
                        "test_NanoStats.txt:md5,d41d8cd98f00b204e9800998ecf8427e"
                    ]
                ],
                "3": [
                    [
                        "NANOPLOT",
                        "NanoPlot",
                        "1.48.0"
                    ]
                ],
                "html": [
                    [
                        {
                            "id": "test"
                        },
                        [
                            "test_LengthvsQualityScatterPlot_dot.html:md5,d41d8cd98f00b204e9800998ecf8427e",
                            "test_LengthvsQualityScatterPlot_kde.html:md5,d41d8cd98f00b204e9800998ecf8427e",
                            "test_NanoPlot-report.html:md5,d41d8cd98f00b204e9800998ecf8427e",
                            "test_Non_weightedHistogramReadlength.html:md5,d41d8cd98f00b204e9800998ecf8427e",
                            "test_Non_weightedLogTransformed_HistogramReadlength.html:md5,d41d8cd98f00b204e9800998ecf8427e",
                            "test_WeightedHistogramReadlength.html:md5,d41d8cd98f00b204e9800998ecf8427e",
                            "test_WeightedLogTransformed_HistogramReadlength.html:md5,d41d8cd98f00b204e9800998ecf8427e",
                            "test_Yield_By_Length.html:md5,d41d8cd98f00b204e9800998ecf8427e"
                        ]
                    ]
                ],
                "png": [
                    
                ],
                "txt": [
                    [
                        {
                            "id": "test"
                        },
                        "test_NanoStats.txt:md5,d41d8cd98f00b204e9800998ecf8427e"
                    ]
                ],
                "versions_nanoplot": [
                    [
                        "NANOPLOT",
                        "NanoPlot",
                        "1.48.0"
                    ]
                ]
            }
        ],
        "timestamp": "2026-10-01T14:41:02.306096412",
        "meta": {
            "nf-test": "0.9.4",
            "nextflow": "26.04.3"
        }
    },
    "NanoPlot FASTQ": {
        "content": [
            [
                "test_LengthvsQualityScatterPlot_dot.html",
                "test_LengthvsQualityScatterPlot_kde.html",
                "test_NanoPlot-report.html",
                "test_Non_weightedHistogramReadlength.html",
                "test_Non_weightedLogTransformed_HistogramReadlength.html",
                "test_WeightedHistogramReadlength.html",
                "test_WeightedLogTransformed_HistogramReadlength.html",
                "test_Yield_By_Length.html"
            ],
            "test_NanoStats.txt",
            {
                "versions_nanoplot": [
                    [
                        "NANOPLOT",
                        "NanoPlot",
                        "1.48.0"
                    ]
                ]
            }
        ],
        "timestamp": "2026-10-01T14:40:55.99406515",
        "meta": {
            "nf-test": "0.9.4",
            "nextflow": "26.04.3"
        }
    },
    "NanoPlot summary": {
        "content": [
            [
                "test_ActivePores_Over_Time.html",
                "test_ActivityMap_ReadsPerChannel.html",
                "test_CumulativeYieldPlot_Gigabases.html",
                "test_CumulativeYieldPlot_NumberOfReads.html",
                "test_NanoPlot-report.html",
                "test_Non_weightedHistogramReadlength.html",
                "test_Non_weightedLogTransformed_HistogramReadlength.html",
                "test_NumberOfReads_Over_Time.html",
                "test_TimeLengthViolinPlot.html",
                "test_TimeQualityViolinPlot.html",
                "test_TimeSequencingSpeed_ViolinPlot.html",
                "test_WeightedHistogramReadlength.html",
                "test_WeightedLogTransformed_HistogramReadlength.html",
                "test_Yield_By_Length.html"
            ],
            "test_NanoStats.txt",
            {
                "versions_nanoplot": [
                    [
                        "NANOPLOT",
                        "NanoPlot",
                        "1.48.0"
                    ]
                ]
            }
        ],
        "timestamp": "2026-10-01T14:40:45.220473935",
        "meta": {
            "nf-test": "0.9.4",
            "nextflow": "26.04.3"
        }
    }
}
