{
    "homo_sapiens - [[vcf1, vcf2], [tbi1, tbi2]] - vcf_gz_index_csi": {
        "content": [
            [
                [
                    {
                        "id": "test3"
                    },
                    "test3_vcf.vcf.gz:md5,0b4986bbb6bdc9e0ee12ba09e70092e9"
                ]
            ],
            [
                [
                    {
                        "id": "test3"
                    },
                    "test3_vcf.vcf.gz.csi"
                ]
            ],
            {
                "versions_bcftools": [
                    [
                        "BCFTOOLS_CONCAT",
                        "bcftools",
                        "1.24"
                    ]
                ]
            }
        ],
        "timestamp": "2026-10-01T14:40:25.650740903",
        "meta": {
            "nf-test": "0.9.4",
            "nextflow": "26.04.3"
        }
    },
    "homo_sapiens - [[vcf1, vcf2], []]": {
        "content": [
            {
                "0": [
                    [
                        {
                            "id": "test3"
                        },
                        "test3.vcf:md5,0b4986bbb6bdc9e0ee12ba09e70092e9"
                    ]
                ],
                "1": [
                    
                ],
                "2": [
                    [
                        "BCFTOOLS_CONCAT",
                        "bcftools",
                        "1.24"
                    ]
                ],
                "index": [
                    
                ],
                "vcf": [
                    [
                        {
                            "id": "test3"
                        },
                        "test3.vcf:md5,0b4986bbb6bdc9e0ee12ba09e70092e9"
                    ]
                ],
                "versions_bcftools": [
                    [
                        "BCFTOOLS_CONCAT",
                        "bcftools",
                        "1.24"
                    ]
                ]
            }
        ],
        "timestamp": "2026-10-01T14:40:32.598819366",
        "meta": {
            "nf-test": "0.9.4",
            "nextflow": "26.04.3"
        }
    },
    "homo_sapiens - [[vcf1, vcf2], [tbi1, tbi2]] - stub": {
        "content": [
            {
                "0": [
                    [
                        {
                            "id": "test3"
                        },
                        "test3.vcf:md5,d41d8cd98f00b204e9800998ecf8427e"
                    ]
                ],
                "1": [
                    
                ],
                "2": [
                    [
                        "BCFTOOLS_CONCAT",
                        "bcftools",
                        "1.24"
                    ]
                ],
                "index": [
                    
                ],
                "vcf": [
                    [
                        {
                            "id": "test3"
                        },
                        "test3.vcf:md5,d41d8cd98f00b204e9800998ecf8427e"
                    ]
                ],
                "versions_bcftools": [
                    [
                        "BCFTOOLS_CONCAT",
                        "bcftools",
                        "1.24"
                    ]
                ]
            }
        ],
        "timestamp": "2026-10-01T14:40:36.073192493",
        "meta": {
            "nf-test": "0.9.4",
            "nextflow": "26.04.3"
        }
    },
    "homo_sapiens - [[vcf1, vcf2], [tbi1, tbi2]] - vcf_gz_index - stub": {
        "content": [
            {
                "0": [
                    [
                        {
                            "id": "test3"
                        },
                        "test3_vcf.vcf.gz:md5,68b329da9893e34099c7d8ad5cb9c940"
                    ]
                ],
                "1": [
                    [
                        {
                            "id": "test3"
                        },
                        "test3_vcf.vcf.gz.csi:md5,d41d8cd98f00b204e9800998ecf8427e"
                    ]
                ],
                "2": [
                    [
                        "BCFTOOLS_CONCAT",
                        "bcftools",
                        "1.24"
                    ]
                ],
                "index": [
                    [
                        {
                            "id": "test3"
                        },
                        "test3_vcf.vcf.gz.csi:md5,d41d8cd98f00b204e9800998ecf8427e"
                    ]
                ],
                "vcf": [
                    [
                        {
                            "id": "test3"
                        },
                        "test3_vcf.vcf.gz:md5,68b329da9893e34099c7d8ad5cb9c940"
                    ]
                ],
                "versions_bcftools": [
                    [
                        "BCFTOOLS_CONCAT",
                        "bcftools",
                        "1.24"
                    ]
                ]
            }
        ],
        "timestamp": "2026-10-01T14:40:39.374585697",
        "meta": {
            "nf-test": "0.9.4",
            "nextflow": "26.04.3"
        }
    },
    "homo_sapiens - [[vcf1, vcf2], [tbi1, tbi2]] - vcf_gz_index_tbi": {
        "content": [
            [
                [
                    {
                        "id": "test3"
                    },
                    "test3_vcf.vcf.gz:md5,0b4986bbb6bdc9e0ee12ba09e70092e9"
                ]
            ],
            [
                [
                    {
                        "id": "test3"
                    },
                    "test3_vcf.vcf.gz.tbi"
                ]
            ],
            {
                "versions_bcftools": [
                    [
                        "BCFTOOLS_CONCAT",
                        "bcftools",
                        "1.24"
                    ]
                ]
            }
        ],
        "timestamp": "2026-10-01T14:40:29.05239383",
        "meta": {
            "nf-test": "0.9.4",
            "nextflow": "26.04.3"
        }
    },
    "homo_sapiens - [[vcf1, vcf2], [tbi1, tbi2]]": {
        "content": [
            {
                "0": [
                    [
                        {
                            "id": "test3"
                        },
                        "test3.vcf:md5,0b4986bbb6bdc9e0ee12ba09e70092e9"
                    ]
                ],
                "1": [
                    
                ],
                "2": [
                    [
                        "BCFTOOLS_CONCAT",
                        "bcftools",
                        "1.24"
                    ]
                ],
                "index": [
                    
                ],
                "vcf": [
                    [
                        {
                            "id": "test3"
                        },
                        "test3.vcf:md5,0b4986bbb6bdc9e0ee12ba09e70092e9"
                    ]
                ],
                "versions_bcftools": [
                    [
                        "BCFTOOLS_CONCAT",
                        "bcftools",
                        "1.24"
                    ]
                ]
            }
        ],
        "timestamp": "2026-10-01T14:40:18.91103878",
        "meta": {
            "nf-test": "0.9.4",
            "nextflow": "26.04.3"
        }
    },
    "homo_sapiens - [[vcf1, vcf2], [tbi1, tbi2]] - vcf_gz_index": {
        "content": [
            [
                [
                    {
                        "id": "test3"
                    },
                    "test3_vcf.vcf.gz:md5,0b4986bbb6bdc9e0ee12ba09e70092e9"
                ]
            ],
            [
                [
                    {
                        "id": "test3"
                    },
                    "test3_vcf.vcf.gz.csi"
                ]
            ],
            {
                "versions_bcftools": [
                    [
                        "BCFTOOLS_CONCAT",
                        "bcftools",
                        "1.24"
                    ]
                ]
            }
        ],
        "timestamp": "2026-10-01T14:40:22.302743227",
        "meta": {
            "nf-test": "0.9.4",
            "nextflow": "26.04.3"
        }
    },
    "homo_sapiens - [[vcf1, vcf2], [tbi1, tbi2]] - vcf_gz_index_tbi - stub": {
        "content": [
            {
                "0": [
                    [
                        {
                            "id": "test3"
                        },
                        "test3_vcf.vcf.gz:md5,68b329da9893e34099c7d8ad5cb9c940"
                    ]
                ],
                "1": [
                    [
                        {
                            "id": "test3"
                        },
                        "test3_vcf.vcf.gz.tbi:md5,d41d8cd98f00b204e9800998ecf8427e"
                    ]
                ],
                "2": [
                    [
                        "BCFTOOLS_CONCAT",
                        "bcftools",
                        "1.24"
                    ]
                ],
                "index": [
                    [
                        {
                            "id": "test3"
                        },
                        "test3_vcf.vcf.gz.tbi:md5,d41d8cd98f00b204e9800998ecf8427e"
                    ]
                ],
                "vcf": [
                    [
                        {
                            "id": "test3"
                        },
                        "test3_vcf.vcf.gz:md5,68b329da9893e34099c7d8ad5cb9c940"
                    ]
                ],
                "versions_bcftools": [
                    [
                        "BCFTOOLS_CONCAT",
                        "bcftools",
                        "1.24"
                    ]
                ]
            }
        ],
        "timestamp": "2026-10-01T14:40:46.034100251",
        "meta": {
            "nf-test": "0.9.4",
            "nextflow": "26.04.3"
        }
    },
    "homo_sapiens - [[vcf1, vcf2], [tbi1, tbi2]] - vcf_gz_index_csi - stub": {
        "content": [
            {
                "0": [
                    [
                        {
                            "id": "test3"
                        },
                        "test3_vcf.vcf.gz:md5,68b329da9893e34099c7d8ad5cb9c940"
                    ]
                ],
                "1": [
                    [
                        {
                            "id": "test3"
                        },
                        "test3_vcf.vcf.gz.csi:md5,d41d8cd98f00b204e9800998ecf8427e"
                    ]
                ],
                "2": [
                    [
                        "BCFTOOLS_CONCAT",
                        "bcftools",
                        "1.24"
                    ]
                ],
                "index": [
                    [
                        {
                            "id": "test3"
                        },
                        "test3_vcf.vcf.gz.csi:md5,d41d8cd98f00b204e9800998ecf8427e"
                    ]
                ],
                "vcf": [
                    [
                        {
                            "id": "test3"
                        },
                        "test3_vcf.vcf.gz:md5,68b329da9893e34099c7d8ad5cb9c940"
                    ]
                ],
                "versions_bcftools": [
                    [
                        "BCFTOOLS_CONCAT",
                        "bcftools",
                        "1.24"
                    ]
                ]
            }
        ],
        "timestamp": "2026-10-01T14:40:42.693147579",
        "meta": {
            "nf-test": "0.9.4",
            "nextflow": "26.04.3"
        }
    }
}
