{
    "sarscov2 - [ vcf, tbi ], fasta - vcf_gz output - stub": {
        "content": [
            {
                "0": [
                    [
                        {
                            "id": "test"
                        },
                        "test_norm.vcf:md5,63e5adbaf3dd94550e9e3d7935dd28db"
                    ]
                ],
                "1": [
                    
                ],
                "2": [
                    [
                        "BCFTOOLS_NORM",
                        "bcftools",
                        "1.24"
                    ]
                ],
                "index": [
                    
                ],
                "vcf": [
                    [
                        {
                            "id": "test"
                        },
                        "test_norm.vcf:md5,63e5adbaf3dd94550e9e3d7935dd28db"
                    ]
                ],
                "versions_bcftools": [
                    [
                        "BCFTOOLS_NORM",
                        "bcftools",
                        "1.24"
                    ]
                ]
            }
        ],
        "timestamp": "2026-10-01T14:42:51.715711697",
        "meta": {
            "nf-test": "0.9.4",
            "nextflow": "26.04.3"
        }
    },
    "sarscov2 - [ vcf, [] ], fasta - stub": {
        "content": [
            {
                "0": [
                    [
                        {
                            "id": "test"
                        },
                        "test_norm.vcf.gz:md5,68b329da9893e34099c7d8ad5cb9c940"
                    ]
                ],
                "1": [
                    
                ],
                "2": [
                    [
                        "BCFTOOLS_NORM",
                        "bcftools",
                        "1.24"
                    ]
                ],
                "index": [
                    
                ],
                "vcf": [
                    [
                        {
                            "id": "test"
                        },
                        "test_norm.vcf.gz:md5,68b329da9893e34099c7d8ad5cb9c940"
                    ]
                ],
                "versions_bcftools": [
                    [
                        "BCFTOOLS_NORM",
                        "bcftools",
                        "1.24"
                    ]
                ]
            }
        ],
        "timestamp": "2026-10-01T14:42:41.706565332",
        "meta": {
            "nf-test": "0.9.4",
            "nextflow": "26.04.3"
        }
    },
    "sarscov2 - [ vcf, tbi ], fasta - vcf output": {
        "content": [
            {
                "0": [
                    [
                        {
                            "id": "test"
                        },
                        "test_norm.vcf:md5,63e5adbaf3dd94550e9e3d7935dd28db"
                    ]
                ],
                "1": [
                    
                ],
                "2": [
                    [
                        "BCFTOOLS_NORM",
                        "bcftools",
                        "1.24"
                    ]
                ],
                "index": [
                    
                ],
                "vcf": [
                    [
                        {
                            "id": "test"
                        },
                        "test_norm.vcf:md5,63e5adbaf3dd94550e9e3d7935dd28db"
                    ]
                ],
                "versions_bcftools": [
                    [
                        "BCFTOOLS_NORM",
                        "bcftools",
                        "1.24"
                    ]
                ]
            }
        ],
        "timestamp": "2026-10-01T14:42:28.295853166",
        "meta": {
            "nf-test": "0.9.4",
            "nextflow": "26.04.3"
        }
    },
    "sarscov2 - [ vcf, [] ], fasta - vcf_gz_index - stub": {
        "content": [
            {
                "0": [
                    [
                        {
                            "id": "test"
                        },
                        "test_vcf.vcf.gz:md5,68b329da9893e34099c7d8ad5cb9c940"
                    ]
                ],
                "1": [
                    [
                        {
                            "id": "test"
                        },
                        "test_vcf.vcf.gz.csi:md5,d41d8cd98f00b204e9800998ecf8427e"
                    ]
                ],
                "2": [
                    [
                        "BCFTOOLS_NORM",
                        "bcftools",
                        "1.24"
                    ]
                ],
                "index": [
                    [
                        {
                            "id": "test"
                        },
                        "test_vcf.vcf.gz.csi:md5,d41d8cd98f00b204e9800998ecf8427e"
                    ]
                ],
                "vcf": [
                    [
                        {
                            "id": "test"
                        },
                        "test_vcf.vcf.gz:md5,68b329da9893e34099c7d8ad5cb9c940"
                    ]
                ],
                "versions_bcftools": [
                    [
                        "BCFTOOLS_NORM",
                        "bcftools",
                        "1.24"
                    ]
                ]
            }
        ],
        "timestamp": "2026-10-01T14:43:01.645026772",
        "meta": {
            "nf-test": "0.9.4",
            "nextflow": "26.04.3"
        }
    },
    "sarscov2 - [ vcf, tbi ], fasta - vcf_gz output": {
        "content": [
            [
                [
                    {
                        "id": "test"
                    },
                    "test_norm.vcf:md5,63e5adbaf3dd94550e9e3d7935dd28db"
                ]
            ],
            [
                
            ],
            [
                
            ],
            {
                "versions_bcftools": [
                    [
                        "BCFTOOLS_NORM",
                        "bcftools",
                        "1.24"
                    ]
                ]
            }
        ],
        "timestamp": "2026-10-01T14:42:31.641466652",
        "meta": {
            "nf-test": "0.9.4",
            "nextflow": "26.04.3"
        }
    },
    "sarscov2 - [ vcf, [] ], fasta": {
        "content": [
            {
                "0": [
                    [
                        {
                            "id": "test"
                        },
                        "test_norm.vcf.gz:md5,63e5adbaf3dd94550e9e3d7935dd28db"
                    ]
                ],
                "1": [
                    
                ],
                "2": [
                    [
                        "BCFTOOLS_NORM",
                        "bcftools",
                        "1.24"
                    ]
                ],
                "index": [
                    
                ],
                "vcf": [
                    [
                        {
                            "id": "test"
                        },
                        "test_norm.vcf.gz:md5,63e5adbaf3dd94550e9e3d7935dd28db"
                    ]
                ],
                "versions_bcftools": [
                    [
                        "BCFTOOLS_NORM",
                        "bcftools",
                        "1.24"
                    ]
                ]
            }
        ],
        "timestamp": "2026-10-01T14:42:11.469521034",
        "meta": {
            "nf-test": "0.9.4",
            "nextflow": "26.04.3"
        }
    },
    "sarscov2 - [ vcf, tbi ], fasta - vcf output -stub": {
        "content": [
            {
                "0": [
                    [
                        {
                            "id": "test"
                        },
                        "test_norm.vcf:md5,d41d8cd98f00b204e9800998ecf8427e"
                    ]
                ],
                "1": [
                    
                ],
                "2": [
                    [
                        "BCFTOOLS_NORM",
                        "bcftools",
                        "1.24"
                    ]
                ],
                "index": [
                    
                ],
                "vcf": [
                    [
                        {
                            "id": "test"
                        },
                        "test_norm.vcf:md5,d41d8cd98f00b204e9800998ecf8427e"
                    ]
                ],
                "versions_bcftools": [
                    [
                        "BCFTOOLS_NORM",
                        "bcftools",
                        "1.24"
                    ]
                ]
            }
        ],
        "timestamp": "2026-10-01T14:42:48.333564172",
        "meta": {
            "nf-test": "0.9.4",
            "nextflow": "26.04.3"
        }
    },
    "sarscov2 - [ vcf, tbi ], fasta - bcf_gz output": {
        "content": [
            {
                "0": [
                    [
                        {
                            "id": "test"
                        },
                        "test_norm.bcf:md5,bf88706ef69c44ca9e287bc953ba3593"
                    ]
                ],
                "1": [
                    
                ],
                "2": [
                    [
                        "BCFTOOLS_NORM",
                        "bcftools",
                        "1.24"
                    ]
                ],
                "index": [
                    
                ],
                "vcf": [
                    [
                        {
                            "id": "test"
                        },
                        "test_norm.bcf:md5,bf88706ef69c44ca9e287bc953ba3593"
                    ]
                ],
                "versions_bcftools": [
                    [
                        "BCFTOOLS_NORM",
                        "bcftools",
                        "1.24"
                    ]
                ]
            }
        ],
        "timestamp": "2026-10-01T14:42:38.425752113",
        "meta": {
            "nf-test": "0.9.4",
            "nextflow": "26.04.3"
        }
    },
    "sarscov2 - [ vcf, [] ], fasta - vcf_gz_index_csi - stub": {
        "content": [
            {
                "0": [
                    [
                        {
                            "id": "test"
                        },
                        "test_vcf.vcf.gz:md5,68b329da9893e34099c7d8ad5cb9c940"
                    ]
                ],
                "1": [
                    [
                        {
                            "id": "test"
                        },
                        "test_vcf.vcf.gz.csi:md5,d41d8cd98f00b204e9800998ecf8427e"
                    ]
                ],
                "2": [
                    [
                        "BCFTOOLS_NORM",
                        "bcftools",
                        "1.24"
                    ]
                ],
                "index": [
                    [
                        {
                            "id": "test"
                        },
                        "test_vcf.vcf.gz.csi:md5,d41d8cd98f00b204e9800998ecf8427e"
                    ]
                ],
                "vcf": [
                    [
                        {
                            "id": "test"
                        },
                        "test_vcf.vcf.gz:md5,68b329da9893e34099c7d8ad5cb9c940"
                    ]
                ],
                "versions_bcftools": [
                    [
                        "BCFTOOLS_NORM",
                        "bcftools",
                        "1.24"
                    ]
                ]
            }
        ],
        "timestamp": "2026-10-01T14:43:04.853640878",
        "meta": {
            "nf-test": "0.9.4",
            "nextflow": "26.04.3"
        }
    },
    "sarscov2 - [ vcf, [] ], fasta - vcf_gz_index_tbi": {
        "content": [
            [
                [
                    {
                        "id": "test"
                    },
                    "test_vcf.vcf.gz:md5,63e5adbaf3dd94550e9e3d7935dd28db"
                ]
            ],
            [
                [
                    {
                        "id": "test"
                    },
                    "test_vcf.vcf.gz.tbi"
                ]
            ]
        ],
        "timestamp": "2026-05-28T14:28:26.441368",
        "meta": {
            "nf-test": "0.9.5",
            "nextflow": "26.04.2"
        }
    },
    "sarscov2 - [ vcf, tbi ], fasta": {
        "content": [
            {
                "0": [
                    [
                        {
                            "id": "test"
                        },
                        "test_norm.vcf.gz:md5,63e5adbaf3dd94550e9e3d7935dd28db"
                    ]
                ],
                "1": [
                    
                ],
                "2": [
                    [
                        "BCFTOOLS_NORM",
                        "bcftools",
                        "1.24"
                    ]
                ],
                "index": [
                    
                ],
                "vcf": [
                    [
                        {
                            "id": "test"
                        },
                        "test_norm.vcf.gz:md5,63e5adbaf3dd94550e9e3d7935dd28db"
                    ]
                ],
                "versions_bcftools": [
                    [
                        "BCFTOOLS_NORM",
                        "bcftools",
                        "1.24"
                    ]
                ]
            }
        ],
        "timestamp": "2026-10-01T14:42:24.888460746",
        "meta": {
            "nf-test": "0.9.4",
            "nextflow": "26.04.3"
        }
    },
    "sarscov2 - [ vcf, tbi ], fasta -stub": {
        "content": [
            {
                "0": [
                    [
                        {
                            "id": "test"
                        },
                        "test_norm.vcf.gz:md5,68b329da9893e34099c7d8ad5cb9c940"
                    ]
                ],
                "1": [
                    
                ],
                "2": [
                    [
                        "BCFTOOLS_NORM",
                        "bcftools",
                        "1.24"
                    ]
                ],
                "index": [
                    
                ],
                "vcf": [
                    [
                        {
                            "id": "test"
                        },
                        "test_norm.vcf.gz:md5,68b329da9893e34099c7d8ad5cb9c940"
                    ]
                ],
                "versions_bcftools": [
                    [
                        "BCFTOOLS_NORM",
                        "bcftools",
                        "1.24"
                    ]
                ]
            }
        ],
        "timestamp": "2026-10-01T14:42:45.098569557",
        "meta": {
            "nf-test": "0.9.4",
            "nextflow": "26.04.3"
        }
    },
    "sarscov2 - [ vcf, tbi ], fasta - bcf_gz output - stub": {
        "content": [
            {
                "0": [
                    [
                        {
                            "id": "test"
                        },
                        "test_norm.bcf:md5,d41d8cd98f00b204e9800998ecf8427e"
                    ]
                ],
                "1": [
                    
                ],
                "2": [
                    [
                        "BCFTOOLS_NORM",
                        "bcftools",
                        "1.24"
                    ]
                ],
                "index": [
                    
                ],
                "vcf": [
                    [
                        {
                            "id": "test"
                        },
                        "test_norm.bcf:md5,d41d8cd98f00b204e9800998ecf8427e"
                    ]
                ],
                "versions_bcftools": [
                    [
                        "BCFTOOLS_NORM",
                        "bcftools",
                        "1.24"
                    ]
                ]
            }
        ],
        "timestamp": "2026-10-01T14:42:58.411833883",
        "meta": {
            "nf-test": "0.9.4",
            "nextflow": "26.04.3"
        }
    },
    "sarscov2 - [ vcf, [] ], fasta - vcf_gz_index": {
        "content": [
            [
                [
                    {
                        "id": "test"
                    },
                    "test_vcf.vcf.gz:md5,63e5adbaf3dd94550e9e3d7935dd28db"
                ]
            ],
            [
                [
                    {
                        "id": "test"
                    },
                    "test_vcf.vcf.gz.csi"
                ]
            ]
        ],
        "timestamp": "2024-06-05T07:52:58.381931979",
        "meta": {
            "nf-test": "0.8.4",
            "nextflow": "24.04.2"
        }
    },
    "sarscov2 - [ vcf, tbi ], fasta - bcf output - stub": {
        "content": [
            {
                "0": [
                    [
                        {
                            "id": "test"
                        },
                        "test_norm.bcf.gz:md5,68b329da9893e34099c7d8ad5cb9c940"
                    ]
                ],
                "1": [
                    
                ],
                "2": [
                    [
                        "BCFTOOLS_NORM",
                        "bcftools",
                        "1.24"
                    ]
                ],
                "index": [
                    
                ],
                "vcf": [
                    [
                        {
                            "id": "test"
                        },
                        "test_norm.bcf.gz:md5,68b329da9893e34099c7d8ad5cb9c940"
                    ]
                ],
                "versions_bcftools": [
                    [
                        "BCFTOOLS_NORM",
                        "bcftools",
                        "1.24"
                    ]
                ]
            }
        ],
        "timestamp": "2026-10-01T14:42:55.098608408",
        "meta": {
            "nf-test": "0.9.4",
            "nextflow": "26.04.3"
        }
    },
    "sarscov2 - [ vcf, [] ], fasta - vcf_gz_index_tbi - stub": {
        "content": [
            {
                "0": [
                    [
                        {
                            "id": "test"
                        },
                        "test_vcf.vcf.gz:md5,68b329da9893e34099c7d8ad5cb9c940"
                    ]
                ],
                "1": [
                    [
                        {
                            "id": "test"
                        },
                        "test_vcf.vcf.gz.tbi:md5,d41d8cd98f00b204e9800998ecf8427e"
                    ]
                ],
                "2": [
                    [
                        "BCFTOOLS_NORM",
                        "bcftools",
                        "1.24"
                    ]
                ],
                "index": [
                    [
                        {
                            "id": "test"
                        },
                        "test_vcf.vcf.gz.tbi:md5,d41d8cd98f00b204e9800998ecf8427e"
                    ]
                ],
                "vcf": [
                    [
                        {
                            "id": "test"
                        },
                        "test_vcf.vcf.gz:md5,68b329da9893e34099c7d8ad5cb9c940"
                    ]
                ],
                "versions_bcftools": [
                    [
                        "BCFTOOLS_NORM",
                        "bcftools",
                        "1.24"
                    ]
                ]
            }
        ],
        "timestamp": "2026-10-01T14:43:08.063276388",
        "meta": {
            "nf-test": "0.9.4",
            "nextflow": "26.04.3"
        }
    },
    "sarscov2 - [ vcf, [] ], fasta - vcf_gz_index_csi": {
        "content": [
            [
                [
                    {
                        "id": "test"
                    },
                    "test_vcf.vcf.gz:md5,63e5adbaf3dd94550e9e3d7935dd28db"
                ]
            ],
            [
                [
                    {
                        "id": "test"
                    },
                    "test_vcf.vcf.gz.csi"
                ]
            ]
        ],
        "timestamp": "2024-06-05T13:53:09.808834237",
        "meta": {
            "nf-test": "0.8.4",
            "nextflow": "24.04.2"
        }
    },
    "sarscov2 - [ vcf, tbi ], fasta - bcf output": {
        "content": [
            {
                "0": [
                    [
                        {
                            "id": "test"
                        },
                        "test_norm.bcf.gz:md5,638c3c25bdd495c90ecbccb69ee77f07"
                    ]
                ],
                "1": [
                    
                ],
                "2": [
                    [
                        "BCFTOOLS_NORM",
                        "bcftools",
                        "1.24"
                    ]
                ],
                "index": [
                    
                ],
                "vcf": [
                    [
                        {
                            "id": "test"
                        },
                        "test_norm.bcf.gz:md5,638c3c25bdd495c90ecbccb69ee77f07"
                    ]
                ],
                "versions_bcftools": [
                    [
                        "BCFTOOLS_NORM",
                        "bcftools",
                        "1.24"
                    ]
                ]
            }
        ],
        "timestamp": "2026-10-01T14:42:35.078614195",
        "meta": {
            "nf-test": "0.9.4",
            "nextflow": "26.04.3"
        }
    }
}
